%!Adobe-FontList 1.22
%Locale:0x2c0a

%BeginFont
Handler:DirectoryHandler
FontType:Invalid
OutlineFileName:D:\wamp64\www\dic_orsai\Font\fontello.eot
FileModTime:1607344522
%EndFont

%BeginFont
Handler:DirectoryHandler
FontType:Invalid
OutlineFileName:D:\wamp64\www\dic_orsai\Font\fontello.svg
FileModTime:1607344522
%EndFont

%BeginFont
Handler:DirectoryHandler
FontType:TrueType
FontName:fontello
FamilyName:fontello
StyleName:Regular
FullName:fontello
MenuName:fontello
StyleBits:0
WritingScript:Roman
OutlineFileName:D:\wamp64\www\dic_orsai\Font\fontello.ttf
DataFormat:sfntData
hasSVG:no
VariableFontType:NonVariableFont
FileLength:9384
FileModTime:1607344522
WeightClass:400
WidthClass:5
AngleClass:0
NameArray:0,Mac,4,fontello
NameArray:0,Win,1,fontello
%EndFont

%BeginFont
Handler:DirectoryHandler
FontType:Invalid
OutlineFileName:D:\wamp64\www\dic_orsai\Font\fontello.woff
FileModTime:1607344522
%EndFont

%BeginFont
Handler:DirectoryHandler
FontType:Invalid
OutlineFileName:D:\wamp64\www\dic_orsai\Font\fontello.woff2
FileModTime:1607344522
%EndFont

